*** EVALUATION ***
PROGRAM "tallerproye.abs"

*********************************************************************************************
TARGET SECTION
---------------------------------------------------------------------------------------------
Processor   : Freescale HC08
Memory Model: SMALL
File Format : ELF\DWARF 2.0
Linker      : SmartLinker V-5.0.41 Build 11006, Jan  7 2011

*********************************************************************************************
FILE SECTION
---------------------------------------------------------------------------------------------
DELAY_DHT_c.obj                         Model: SMALL,         Lang: ANSI-C
ESPERANDO_c.obj                         Model: SMALL,         Lang: ANSI-C
INICIALIZAR_c.obj                       Model: SMALL,         Lang: ANSI-C
MCUinit_c.obj                           Model: SMALL,         Lang: ANSI-C
MEF_c.obj                               Model: SMALL,         Lang: ANSI-C
MTIM_c.obj                              Model: SMALL,         Lang: ANSI-C
RECPARAMETROS_c.obj                     Model: SMALL,         Lang: ANSI-C
REC_UC_c.obj                            Model: SMALL,         Lang: ANSI-C
RTC_c.obj                               Model: SMALL,         Lang: ANSI-C
SCI_c.obj                               Model: SMALL,         Lang: ANSI-C
TPM_c.obj                               Model: SMALL,         Lang: ANSI-C
TRANS_UC_c.obj                          Model: SMALL,         Lang: ANSI-C
main_c.obj                              Model: SMALL,         Lang: ANSI-C
start08_c.obj                           Model: SMALL,         Lang: ANSI-C
mc9s08sh8_c.obj                         Model: SMALL,         Lang: ANSI-C
rtshc08.o (ansiis.lib)                  Model: SMALL,         Lang: ANSI-C

*********************************************************************************************
STARTUP SECTION
---------------------------------------------------------------------------------------------
Entry point: 0xE07B (_Startup)
_startupData is allocated at 0xE084 and uses 6 Bytes
extern struct _tagStartup {
  unsigned nofZeroOut     1
  _Range   pZeroOut       0x100     156
  _Copy    *toCopyDownBeg 0xE797
} _startupData;

*********************************************************************************************
SECTION-ALLOCATION SECTION
Section Name                    Size  Type     From       To       Segment
---------------------------------------------------------------------------------------------
.data                              4   R/W      0x100      0x103   RAM
.init                            132     R     0xE000     0xE083   ROM
.startData                        14     R     0xE084     0xE091   ROM
.text                           1797     R     0xE092     0xE796   ROM
.copy                             10     R     0xE797     0xE7A0   ROM
.abs_section_ffbd                  1     R     0xFFBD     0xFFBD   .absSeg0
.abs_section_ffbf                  1     R     0xFFBF     0xFFBF   .absSeg1
.abs_section_ffc0                 64     R     0xFFC0     0xFFFF   .absSeg2
.abs_section_0                     1   N/I        0x0        0x0   .absSeg3
.abs_section_1                     1   N/I        0x1        0x1   .absSeg4
.abs_section_2                     1   N/I        0x2        0x2   .absSeg5
.abs_section_3                     1   N/I        0x3        0x3   .absSeg6
.abs_section_4                     1   N/I        0x4        0x4   .absSeg7
.abs_section_5                     1   N/I        0x5        0x5   .absSeg8
.abs_section_e                     1   N/I        0xE        0xE   .absSeg9
.abs_section_10                    1   N/I       0x10       0x10   .absSeg10
.abs_section_11                    1   N/I       0x11       0x11   .absSeg11
.abs_section_16                    1   N/I       0x16       0x16   .absSeg12
.abs_section_17                    1   N/I       0x17       0x17   .absSeg13
.abs_section_18                    1   N/I       0x18       0x18   .absSeg14
.abs_section_1a                    1   N/I       0x1A       0x1A   .absSeg15
.abs_section_1c                    1   N/I       0x1C       0x1C   .absSeg16
.abs_section_1d                    1   N/I       0x1D       0x1D   .absSeg17
.abs_section_1e                    1   N/I       0x1E       0x1E   .absSeg18
.abs_section_1f                    1   N/I       0x1F       0x1F   .absSeg19
.abs_section_20                    1   N/I       0x20       0x20   .absSeg20
.abs_section_25                    1   N/I       0x25       0x25   .absSeg21
.abs_section_28                    1   N/I       0x28       0x28   .absSeg22
.abs_section_3a                    1   N/I       0x3A       0x3A   .absSeg23
.abs_section_3b                    1   N/I       0x3B       0x3B   .absSeg24
.abs_section_3c                    1   N/I       0x3C       0x3C   .absSeg25
.abs_section_3d                    1   N/I       0x3D       0x3D   .absSeg26
.abs_section_3e                    1   N/I       0x3E       0x3E   .absSeg27
.abs_section_3f                    1   N/I       0x3F       0x3F   .absSeg28
.abs_section_48                    1   N/I       0x48       0x48   .absSeg29
.abs_section_49                    1   N/I       0x49       0x49   .absSeg30
.abs_section_4a                    1   N/I       0x4A       0x4A   .absSeg31
.abs_section_4b                    1   N/I       0x4B       0x4B   .absSeg32
.abs_section_50                    1   N/I       0x50       0x50   .absSeg33
.abs_section_51                    1   N/I       0x51       0x51   .absSeg34
.abs_section_52                    1   N/I       0x52       0x52   .absSeg35
.abs_section_53                    1   N/I       0x53       0x53   .absSeg36
.abs_section_55                    1   N/I       0x55       0x55   .absSeg37
.abs_section_58                    1   N/I       0x58       0x58   .absSeg38
.abs_section_59                    1   N/I       0x59       0x59   .absSeg39
.abs_section_5a                    1   N/I       0x5A       0x5A   .absSeg40
.abs_section_5b                    1   N/I       0x5B       0x5B   .absSeg41
.abs_section_5c                    1   N/I       0x5C       0x5C   .absSeg42
.abs_section_5d                    1   N/I       0x5D       0x5D   .absSeg43
.abs_section_60                    1   N/I       0x60       0x60   .absSeg44
.abs_section_65                    1   N/I       0x65       0x65   .absSeg45
.abs_section_68                    1   N/I       0x68       0x68   .absSeg46
.abs_section_6c                    1   N/I       0x6C       0x6C   .absSeg47
.abs_section_6d                    1   N/I       0x6D       0x6D   .absSeg48
.abs_section_6e                    1   N/I       0x6E       0x6E   .absSeg49
.abs_section_1800                  1   N/I     0x1800     0x1800   .absSeg50
.abs_section_1801                  1   N/I     0x1801     0x1801   .absSeg51
.abs_section_1802                  1   N/I     0x1802     0x1802   .absSeg52
.abs_section_1803                  1   N/I     0x1803     0x1803   .absSeg53
.abs_section_1809                  1   N/I     0x1809     0x1809   .absSeg54
.abs_section_180a                  1   N/I     0x180A     0x180A   .absSeg55
.abs_section_1816                  1   N/I     0x1816     0x1816   .absSeg56
.abs_section_1817                  1   N/I     0x1817     0x1817   .absSeg57
.abs_section_1818                  1   N/I     0x1818     0x1818   .absSeg58
.abs_section_1820                  1   N/I     0x1820     0x1820   .absSeg59
.abs_section_1821                  1   N/I     0x1821     0x1821   .absSeg60
.abs_section_1823                  1   N/I     0x1823     0x1823   .absSeg61
.abs_section_1824                  1   N/I     0x1824     0x1824   .absSeg62
.abs_section_1825                  1   N/I     0x1825     0x1825   .absSeg63
.abs_section_1826                  1   N/I     0x1826     0x1826   .absSeg64
.abs_section_1840                  1   N/I     0x1840     0x1840   .absSeg65
.abs_section_1841                  1   N/I     0x1841     0x1841   .absSeg66
.abs_section_1842                  1   N/I     0x1842     0x1842   .absSeg67
.abs_section_1844                  1   N/I     0x1844     0x1844   .absSeg68
.abs_section_1845                  1   N/I     0x1845     0x1845   .absSeg69
.abs_section_1846                  1   N/I     0x1846     0x1846   .absSeg70
.abs_section_1848                  1   N/I     0x1848     0x1848   .absSeg71
.abs_section_1849                  1   N/I     0x1849     0x1849   .absSeg72
.abs_section_184a                  1   N/I     0x184A     0x184A   .absSeg73
.abs_section_184c                  1   N/I     0x184C     0x184C   .absSeg74
.abs_section_184d                  1   N/I     0x184D     0x184D   .absSeg75
.abs_section_184e                  1   N/I     0x184E     0x184E   .absSeg76
.abs_section_1850                  1   N/I     0x1850     0x1850   .absSeg77
.abs_section_1851                  1   N/I     0x1851     0x1851   .absSeg78
.abs_section_1852                  1   N/I     0x1852     0x1852   .absSeg79
.abs_section_1853                  1   N/I     0x1853     0x1853   .absSeg80
.abs_section_12                    2   N/I       0x12       0x13   .absSeg81
.abs_section_14                    2   N/I       0x14       0x15   .absSeg82
.abs_section_21                    2   N/I       0x21       0x22   .absSeg83
.abs_section_23                    2   N/I       0x23       0x24   .absSeg84
.abs_section_26                    2   N/I       0x26       0x27   .absSeg85
.abs_section_29                    2   N/I       0x29       0x2A   .absSeg86
.abs_section_38                    2   N/I       0x38       0x39   .absSeg87
.abs_section_61                    2   N/I       0x61       0x62   .absSeg88
.abs_section_63                    2   N/I       0x63       0x64   .absSeg89
.abs_section_66                    2   N/I       0x66       0x67   .absSeg90
.abs_section_69                    2   N/I       0x69       0x6A   .absSeg91
.abs_section_1806                  2   N/I     0x1806     0x1807   .absSeg92
.abs_section_1810                  2   N/I     0x1810     0x1811   .absSeg93
.abs_section_1812                  2   N/I     0x1812     0x1813   .absSeg94
.abs_section_1814                  2   N/I     0x1814     0x1815   .absSeg95
.bss                              30   R/W      0x104      0x121   RAM
.common                          122   R/W      0x122      0x19B   RAM
.stack                            64   R/W      0x19C      0x1DB   RAM

Summary of section sizes per section type:
READ_ONLY (R):         7E3 (dec:     2019)
READ_WRITE (R/W):       DC (dec:      220)
NO_INIT (N/I):          6C (dec:      108)

*********************************************************************************************
VECTOR-ALLOCATION SECTION
    Address     InitValue   InitFunction
---------------------------------------------------------------------------------------------

*********************************************************************************************
OBJECT-ALLOCATION SECTION
     Name               Module                 Addr   hSize   dSize     Ref    Section   RLIB
---------------------------------------------------------------------------------------------
MODULE:                 -- DELAY_DHT_c.obj --
- PROCEDURES:
     DELAY_DHT_actualizar                      E092     122     290       6   .text       
- VARIABLES:
MODULE:                 -- ESPERANDO_c.obj --
- PROCEDURES:
     ESPERANDO_actualizar                      E1B4      35      53       1   .text       
- VARIABLES:
MODULE:                 -- INICIALIZAR_c.obj --
- PROCEDURES:
     enviaPulsobajo                            E1E9      16      22       1   .text       
     enviaPulsoalto                            E1FF      1C      28       1   .text       
     INICIALIZAR_reiniciar                     E21B       6       6       3   .text       
     INICIALIZAR_actualizar                    E221      10      16       1   .text       
- VARIABLES:
     establec_comp                              104       1       1       3   .bss        
     estado                                     122       2       2       3   .common     
MODULE:                 -- MCUinit_c.obj --
- PROCEDURES:
     MCU_init                                  E231      8A     138       1   .text       
     isrVmtim                                  E2BB       A      10       1   .text       
     isrVrtc                                   E2C5       6       6       1   .text       
     isrVscitx                                 E2CB       6       6       1   .text       
     isrVscirx                                 E2D1       E      14       1   .text       
     isrVscierr                                E2DF       1       1       1   .text       
     isrVtpm1ovf                               E2E0       1       1       1   .text       
     isrVtpm1ch0                               E2E1      15      21       1   .text       
- VARIABLES:
     NVPROT_INIT                               FFBD       1       1       0   .abs_section_ffbd
     NVOPT_INIT                                FFBF       1       1       0   .abs_section_ffbf
     _vect                                     FFC0      40      64       0   .abs_section_ffc0
MODULE:                 -- MEF_c.obj --
- PROCEDURES:
     MEF_init                                  E2F6      11      17       1   .text       
     MEF_actualizarEstado                      E307      99     153       1   .text       
     MEF_actualizarSalida                      E3A0      23      35       1   .text       
- VARIABLES:
     hum_relativa                               105       2       2       7   .bss        
     temperatura                                107       2       2       8   .bss        
     humint                                     109       1       1       7   .bss        
     tempint                                    10A       1       1       6   .bss        
     checksum                                   10B       1       1       3   .bss        
     inicio_sensado                             10C       1       1       3   .bss        
     inic_rec                                   10D       1       1       3   .bss        
     inic_trans                                 10E       1       1       3   .bss        
     fin_trans                                  10F       1       1       5   .bss        
     paquetedescart                             110       1       1       3   .bss        
     trans_completa                             111       1       1       7   .bss        
     MEF_estado                                 124       2       2       5   .common     
MODULE:                 -- MTIM_c.obj --
- PROCEDURES:
     MTIM_inicializar                          E3C3       7       7       1   .text       
- VARIABLES:
     MTIM_flag                                  112       1       1       7   .bss        
MODULE:                 -- RECPARAMETROS_c.obj --
- PROCEDURES:
     RECPARAMETROS_actualizar                  E3CA     1C6     454       4   .text       
- VARIABLES:
     hum1                                       100       1       1       4   .data       
     hum2                                       101       1       1       6   .data       
     temp1                                      102       1       1       3   .data       
     temp2                                      103       1       1       4   .data       
     auxparam                                   113       1       1       3   .bss        
     contador                                   114       1       1      11   .bss        
     flag_cero                                  115       1       1       3   .bss        
     arrDatos                                   126      64     100      12   .common     
     a1                                         18A       1       1       1   .common     
     a2                                         18B       1       1       2   .common     
     a3                                         18C       1       1       2   .common     
     a4                                         18D       1       1       2   .common     
     a5                                         18E       1       1       1   .common     
MODULE:                 -- REC_UC_c.obj --
- PROCEDURES:
     REC_UC_actualizar                         E590      26      38       1   .text       
- VARIABLES:
MODULE:                 -- RTC_c.obj --
- PROCEDURES:
     RTC_handler                               E5B6       6       6       1   .text       
     RTC_asignarTiempoRec                      E5BC       7       7       3   .text       
     RTC_asignarTiempoCom                      E5C3       7       7       1   .text       
     RTC_reiniciarflag                         E5CA       5       5       5   .text       
     RTC_habilitarint                          E5CF       3       3       2   .text       
     RTC_deshabilitarint                       E5D2       3       3       2   .text       
- VARIABLES:
     RTC_flagseg                                116       1       1       5   .bss        
MODULE:                 -- SCI_c.obj --
- PROCEDURES:
     SCI_inicializar                           E5D5       9       9       1   .text       
     SCI_habilitarTrans                        E5DE       5       5       1   .text       
     SCI_habilitarRec                          E5E3       5       5       2   .text       
     SCI_Write_char                            E5E8       E      14       5   .text       
     SCIrx_handler                             E5F6      3A      58       1   .text       
     SCI_verifPaquete                          E630       F      15       1   .text       
     SCItx_handler                             E63F      23      35       1   .text       
     SCI_deshabIdleint                         E662       3       3       1   .text       
     SCI_habintRec                             E665       3       3       2   .text       
     SCI_deshabintRec                          E668       3       3       1   .text       
- VARIABLES:
     SCI_flagrec                                117       1       1       3   .bss        
     contrec                                    118       1       1       4   .bss        
     SCI_datagrec                               119       1       1       3   .bss        
     flag_envdato                               11A       1       1       3   .bss        
     SCI_paqenv                                 11B       1       1       2   .bss        
     datorec                                    18F       1       1       2   .common     
     BUFFER_Tx                                  190       3       3       2   .common     
     BUFFER_Rx                                  193       7       7       4   .common     
     IndiceEscritura                            19A       1       1       4   .common     
     IndiceLectura                              19B       1       1       4   .common     
MODULE:                 -- TPM_c.obj --
- PROCEDURES:
- VARIABLES:
     TPM_cont                                   11C       1       1      10   .bss        
     TPM_flag                                   11D       1       1       8   .bss        
     tiempoact                                  11E       2       2       4   .bss        
     tiempoant                                  120       2       2       3   .bss        
MODULE:                 -- TRANS_UC_c.obj --
- PROCEDURES:
     TRANS_UC_actualizar                       E66B      44      68       1   .text       
- VARIABLES:
MODULE:                 -- main_c.obj --
- PROCEDURES:
     main                                      E6AF      17      23       1   .text       
- VARIABLES:
MODULE:                 -- start08_c.obj --
- PROCEDURES:
     loadByte                                  E000       E      14       5   .init       
     Init                                      E00E      6D     109       1   .init       
     _Startup                                  E07B       9       9       1   .init       
- VARIABLES:
     _startupData                              E084       6       6       4   .startData  
- LABELS:
     __SEG_END_SSTACK                           1DC       0       0       1               
MODULE:                 -- mc9s08sh8_c.obj --
- PROCEDURES:
- VARIABLES:
     _PTAD                                        0       1       1       0   .abs_section_0
     _PTADD                                       1       1       1       0   .abs_section_1
     _PTBD                                        2       1       1       4   .abs_section_2
     _PTBDD                                       3       1       1       4   .abs_section_3
     _PTCD                                        4       1       1       4   .abs_section_4
     _PTCDD                                       5       1       1       2   .abs_section_5
     _ACMPSC                                      E       1       1       0   .abs_section_e
     _ADCSC1                                     10       1       1       0   .abs_section_10
     _ADCSC2                                     11       1       1       0   .abs_section_11
     _ADCCFG                                     16       1       1       0   .abs_section_16
     _APCTL1                                     17       1       1       0   .abs_section_17
     _APCTL2                                     18       1       1       0   .abs_section_18
     _IRQSC                                      1A       1       1       0   .abs_section_1a
     _MTIMSC                                     1C       1       1       9   .abs_section_1c
     _MTIMCLK                                    1D       1       1       1   .abs_section_1d
     _MTIMCNT                                    1E       1       1       0   .abs_section_1e
     _MTIMMOD                                    1F       1       1       1   .abs_section_1f
     _TPM1SC                                     20       1       1       3   .abs_section_20
     _TPM1C0SC                                   25       1       1      10   .abs_section_25
     _TPM1C1SC                                   28       1       1       0   .abs_section_28
     _SCIC1                                      3A       1       1       1   .abs_section_3a
     _SCIC2                                      3B       1       1      16   .abs_section_3b
     _SCIS1                                      3C       1       1       5   .abs_section_3c
     _SCIS2                                      3D       1       1       1   .abs_section_3d
     _SCIC3                                      3E       1       1       1   .abs_section_3e
     _SCID                                       3F       1       1       3   .abs_section_3f
     _ICSC1                                      48       1       1       1   .abs_section_48
     _ICSC2                                      49       1       1       1   .abs_section_49
     _ICSTRM                                     4A       1       1       1   .abs_section_4a
     _ICSSC                                      4B       1       1       2   .abs_section_4b
     _SPIC1                                      50       1       1       0   .abs_section_50
     _SPIC2                                      51       1       1       0   .abs_section_51
     _SPIBR                                      52       1       1       0   .abs_section_52
     _SPIS                                       53       1       1       0   .abs_section_53
     _SPID                                       55       1       1       0   .abs_section_55
     _IICA                                       58       1       1       0   .abs_section_58
     _IICF                                       59       1       1       0   .abs_section_59
     _IICC1                                      5A       1       1       0   .abs_section_5a
     _IICS                                       5B       1       1       0   .abs_section_5b
     _IICD                                       5C       1       1       0   .abs_section_5c
     _IICC2                                      5D       1       1       0   .abs_section_5d
     _TPM2SC                                     60       1       1       0   .abs_section_60
     _TPM2C0SC                                   65       1       1       0   .abs_section_65
     _TPM2C1SC                                   68       1       1       0   .abs_section_68
     _RTCSC                                      6C       1       1      10   .abs_section_6c
     _RTCCNT                                     6D       1       1       0   .abs_section_6d
     _RTCMOD                                     6E       1       1       3   .abs_section_6e
     _SRS                                      1800       1       1       0   .abs_section_1800
     _SBDFR                                    1801       1       1       0   .abs_section_1801
     _SOPT1                                    1802       1       1       1   .abs_section_1802
     _SOPT2                                    1803       1       1       1   .abs_section_1803
     _SPMSC1                                   1809       1       1       1   .abs_section_1809
     _SPMSC2                                   180A       1       1       1   .abs_section_180a
     _DBGC                                     1816       1       1       0   .abs_section_1816
     _DBGT                                     1817       1       1       0   .abs_section_1817
     _DBGS                                     1818       1       1       0   .abs_section_1818
     _FCDIV                                    1820       1       1       0   .abs_section_1820
     _FOPT                                     1821       1       1       0   .abs_section_1821
     _FCNFG                                    1823       1       1       0   .abs_section_1823
     _FPROT                                    1824       1       1       0   .abs_section_1824
     _FSTAT                                    1825       1       1       0   .abs_section_1825
     _FCMD                                     1826       1       1       0   .abs_section_1826
     _PTAPE                                    1840       1       1       0   .abs_section_1840
     _PTASE                                    1841       1       1       1   .abs_section_1841
     _PTADS                                    1842       1       1       1   .abs_section_1842
     _PTASC                                    1844       1       1       0   .abs_section_1844
     _PTAPS                                    1845       1       1       0   .abs_section_1845
     _PTAES                                    1846       1       1       0   .abs_section_1846
     _PTBPE                                    1848       1       1       0   .abs_section_1848
     _PTBSE                                    1849       1       1       1   .abs_section_1849
     _PTBDS                                    184A       1       1       1   .abs_section_184a
     _PTBSC                                    184C       1       1       0   .abs_section_184c
     _PTBPS                                    184D       1       1       0   .abs_section_184d
     _PTBES                                    184E       1       1       0   .abs_section_184e
     _PTCPE                                    1850       1       1       1   .abs_section_1850
     _PTCSE                                    1851       1       1       1   .abs_section_1851
     _PTCDS                                    1852       1       1       1   .abs_section_1852
     _GNGC                                     1853       1       1       1   .abs_section_1853
     _ADCR                                       12       2       2       0   .abs_section_12
     _ADCCV                                      14       2       2       0   .abs_section_14
     _TPM1CNT                                    21       2       2       0   .abs_section_21
     _TPM1MOD                                    23       2       2       1   .abs_section_23
     _TPM1C0V                                    26       2       2       1   .abs_section_26
     _TPM1C1V                                    29       2       2       0   .abs_section_29
     _SCIBD                                      38       2       2       2   .abs_section_38
     _TPM2CNT                                    61       2       2       0   .abs_section_61
     _TPM2MOD                                    63       2       2       0   .abs_section_63
     _TPM2C0V                                    66       2       2       0   .abs_section_66
     _TPM2C1V                                    69       2       2       0   .abs_section_69
     _SDID                                     1806       2       2       0   .abs_section_1806
     _DBGCA                                    1810       2       2       0   .abs_section_1810
     _DBGCB                                    1812       2       2       0   .abs_section_1812
     _DBGF                                     1814       2       2       0   .abs_section_1814
MODULE:                 -- rtshc08.o (ansiis.lib) --
- PROCEDURES:
     _IDIVMOD                                  E6C6      69     105       2   .text       
     _SPLITSIGN                                E72F      1C      28       1   .text       
     _IDIVS_STAR08                             E74B      1B      27       2   .text       
     _IDIVU_STAR08                             E766       D      13       2   .text       
     _Jump_Table_Header_Offset                 E773      24      36       2   .text       
- VARIABLES:

*********************************************************************************************
MODULE STATISTIC
  Name                                      Data   Code  Const
---------------------------------------------------------------------------------------------
  DELAY_DHT_c.obj                              0    290      0
  ESPERANDO_c.obj                              0     53      0
  INICIALIZAR_c.obj                            3     72      0
  MCUinit_c.obj                                0    197     66
  MEF_c.obj                                   15    205      0
  MTIM_c.obj                                   1      7      0
  RECPARAMETROS_c.obj                        112    454      0
  REC_UC_c.obj                                 0     38      0
  RTC_c.obj                                    1     31      0
  SCI_c.obj                                   18    150      0
  TPM_c.obj                                    6      0      0
  TRANS_UC_c.obj                               0     68      0
  main_c.obj                                   0     23      0
  start08_c.obj                                0    132      0
  mc9s08sh8_c.obj                            108      0      0
  rtshc08.o (ansiis.lib)                       0    209      0
  other                                       64     14     10

*********************************************************************************************
SECTION USE IN OBJECT-ALLOCATION SECTION
---------------------------------------------------------------------------------------------
SECTION: ".text"
  DELAY_DHT_actualizar ESPERANDO_actualizar enviaPulsobajo enviaPulsoalto 
  INICIALIZAR_reiniciar INICIALIZAR_actualizar MCU_init isrVmtim isrVrtc 
  isrVscitx isrVscirx isrVscierr isrVtpm1ovf isrVtpm1ch0 MEF_init 
  MEF_actualizarEstado MEF_actualizarSalida MTIM_inicializar 
  RECPARAMETROS_actualizar REC_UC_actualizar RTC_handler RTC_asignarTiempoRec 
  RTC_asignarTiempoCom RTC_reiniciarflag RTC_habilitarint RTC_deshabilitarint 
  SCI_inicializar SCI_habilitarTrans SCI_habilitarRec SCI_Write_char 
  SCIrx_handler SCI_verifPaquete SCItx_handler SCI_deshabIdleint SCI_habintRec 
  SCI_deshabintRec TRANS_UC_actualizar main _IDIVMOD _SPLITSIGN _IDIVS_STAR08 
  _IDIVU_STAR08 _Jump_Table_Header_Offset 
SECTION: ".data"
  hum1 hum2 temp1 temp2 
SECTION: ".bss"
  establec_comp hum_relativa temperatura humint tempint checksum 
  inicio_sensado inic_rec inic_trans fin_trans paquetedescart trans_completa 
  MTIM_flag auxparam contador flag_cero RTC_flagseg SCI_flagrec contrec 
  SCI_datagrec flag_envdato SCI_paqenv TPM_cont TPM_flag tiempoact tiempoant 
SECTION: ".init"
  loadByte Init _Startup 
SECTION: ".common"
  estado MEF_estado arrDatos a1 a2 a3 a4 a5 datorec BUFFER_Tx BUFFER_Rx 
  IndiceEscritura IndiceLectura 
SECTION: ".abs_section_ffbd"
  NVPROT_INIT 
SECTION: ".abs_section_ffbf"
  NVOPT_INIT 
SECTION: ".abs_section_ffc0"
  _vect 
SECTION: ".abs_section_0"
  _PTAD 
SECTION: ".abs_section_1"
  _PTADD 
SECTION: ".abs_section_2"
  _PTBD 
SECTION: ".abs_section_3"
  _PTBDD 
SECTION: ".abs_section_4"
  _PTCD 
SECTION: ".abs_section_5"
  _PTCDD 
SECTION: ".abs_section_e"
  _ACMPSC 
SECTION: ".abs_section_10"
  _ADCSC1 
SECTION: ".abs_section_11"
  _ADCSC2 
SECTION: ".abs_section_16"
  _ADCCFG 
SECTION: ".abs_section_17"
  _APCTL1 
SECTION: ".abs_section_18"
  _APCTL2 
SECTION: ".abs_section_1a"
  _IRQSC 
SECTION: ".abs_section_1c"
  _MTIMSC 
SECTION: ".abs_section_1d"
  _MTIMCLK 
SECTION: ".abs_section_1e"
  _MTIMCNT 
SECTION: ".abs_section_1f"
  _MTIMMOD 
SECTION: ".abs_section_20"
  _TPM1SC 
SECTION: ".abs_section_25"
  _TPM1C0SC 
SECTION: ".abs_section_28"
  _TPM1C1SC 
SECTION: ".abs_section_3a"
  _SCIC1 
SECTION: ".abs_section_3b"
  _SCIC2 
SECTION: ".abs_section_3c"
  _SCIS1 
SECTION: ".abs_section_3d"
  _SCIS2 
SECTION: ".abs_section_3e"
  _SCIC3 
SECTION: ".abs_section_3f"
  _SCID 
SECTION: ".abs_section_48"
  _ICSC1 
SECTION: ".abs_section_49"
  _ICSC2 
SECTION: ".abs_section_4a"
  _ICSTRM 
SECTION: ".abs_section_4b"
  _ICSSC 
SECTION: ".abs_section_50"
  _SPIC1 
SECTION: ".abs_section_51"
  _SPIC2 
SECTION: ".abs_section_52"
  _SPIBR 
SECTION: ".abs_section_53"
  _SPIS 
SECTION: ".abs_section_55"
  _SPID 
SECTION: ".abs_section_58"
  _IICA 
SECTION: ".abs_section_59"
  _IICF 
SECTION: ".abs_section_5a"
  _IICC1 
SECTION: ".abs_section_5b"
  _IICS 
SECTION: ".abs_section_5c"
  _IICD 
SECTION: ".abs_section_5d"
  _IICC2 
SECTION: ".abs_section_60"
  _TPM2SC 
SECTION: ".abs_section_65"
  _TPM2C0SC 
SECTION: ".abs_section_68"
  _TPM2C1SC 
SECTION: ".abs_section_6c"
  _RTCSC 
SECTION: ".abs_section_6d"
  _RTCCNT 
SECTION: ".abs_section_6e"
  _RTCMOD 
SECTION: ".abs_section_1800"
  _SRS 
SECTION: ".abs_section_1801"
  _SBDFR 
SECTION: ".abs_section_1802"
  _SOPT1 
SECTION: ".abs_section_1803"
  _SOPT2 
SECTION: ".abs_section_1809"
  _SPMSC1 
SECTION: ".abs_section_180a"
  _SPMSC2 
SECTION: ".abs_section_1816"
  _DBGC 
SECTION: ".abs_section_1817"
  _DBGT 
SECTION: ".abs_section_1818"
  _DBGS 
SECTION: ".abs_section_1820"
  _FCDIV 
SECTION: ".abs_section_1821"
  _FOPT 
SECTION: ".abs_section_1823"
  _FCNFG 
SECTION: ".abs_section_1824"
  _FPROT 
SECTION: ".abs_section_1825"
  _FSTAT 
SECTION: ".abs_section_1826"
  _FCMD 
SECTION: ".abs_section_1840"
  _PTAPE 
SECTION: ".abs_section_1841"
  _PTASE 
SECTION: ".abs_section_1842"
  _PTADS 
SECTION: ".abs_section_1844"
  _PTASC 
SECTION: ".abs_section_1845"
  _PTAPS 
SECTION: ".abs_section_1846"
  _PTAES 
SECTION: ".abs_section_1848"
  _PTBPE 
SECTION: ".abs_section_1849"
  _PTBSE 
SECTION: ".abs_section_184a"
  _PTBDS 
SECTION: ".abs_section_184c"
  _PTBSC 
SECTION: ".abs_section_184d"
  _PTBPS 
SECTION: ".abs_section_184e"
  _PTBES 
SECTION: ".abs_section_1850"
  _PTCPE 
SECTION: ".abs_section_1851"
  _PTCSE 
SECTION: ".abs_section_1852"
  _PTCDS 
SECTION: ".abs_section_1853"
  _GNGC 
SECTION: ".abs_section_12"
  _ADCR 
SECTION: ".abs_section_14"
  _ADCCV 
SECTION: ".abs_section_21"
  _TPM1CNT 
SECTION: ".abs_section_23"
  _TPM1MOD 
SECTION: ".abs_section_26"
  _TPM1C0V 
SECTION: ".abs_section_29"
  _TPM1C1V 
SECTION: ".abs_section_38"
  _SCIBD 
SECTION: ".abs_section_61"
  _TPM2CNT 
SECTION: ".abs_section_63"
  _TPM2MOD 
SECTION: ".abs_section_66"
  _TPM2C0V 
SECTION: ".abs_section_69"
  _TPM2C1V 
SECTION: ".abs_section_1806"
  _SDID 
SECTION: ".abs_section_1810"
  _DBGCA 
SECTION: ".abs_section_1812"
  _DBGCB 
SECTION: ".abs_section_1814"
  _DBGF 

*********************************************************************************************
OBJECT LIST SORTED BY ADDRESS
     Name                                      Addr   hSize   dSize     Ref    Section   RLIB
---------------------------------------------------------------------------------------------
     _PTAD                                        0       1       1       0   .abs_section_0
     _PTADD                                       1       1       1       0   .abs_section_1
     _PTBD                                        2       1       1       4   .abs_section_2
     _PTBDD                                       3       1       1       4   .abs_section_3
     _PTCD                                        4       1       1       4   .abs_section_4
     _PTCDD                                       5       1       1       2   .abs_section_5
     _ACMPSC                                      E       1       1       0   .abs_section_e
     _ADCSC1                                     10       1       1       0   .abs_section_10
     _ADCSC2                                     11       1       1       0   .abs_section_11
     _ADCR                                       12       2       2       0   .abs_section_12
     _ADCCV                                      14       2       2       0   .abs_section_14
     _ADCCFG                                     16       1       1       0   .abs_section_16
     _APCTL1                                     17       1       1       0   .abs_section_17
     _APCTL2                                     18       1       1       0   .abs_section_18
     _IRQSC                                      1A       1       1       0   .abs_section_1a
     _MTIMSC                                     1C       1       1       9   .abs_section_1c
     _MTIMCLK                                    1D       1       1       1   .abs_section_1d
     _MTIMCNT                                    1E       1       1       0   .abs_section_1e
     _MTIMMOD                                    1F       1       1       1   .abs_section_1f
     _TPM1SC                                     20       1       1       3   .abs_section_20
     _TPM1CNT                                    21       2       2       0   .abs_section_21
     _TPM1MOD                                    23       2       2       1   .abs_section_23
     _TPM1C0SC                                   25       1       1      10   .abs_section_25
     _TPM1C0V                                    26       2       2       1   .abs_section_26
     _TPM1C1SC                                   28       1       1       0   .abs_section_28
     _TPM1C1V                                    29       2       2       0   .abs_section_29
     _SCIBD                                      38       2       2       2   .abs_section_38
     _SCIC1                                      3A       1       1       1   .abs_section_3a
     _SCIC2                                      3B       1       1      16   .abs_section_3b
     _SCIS1                                      3C       1       1       5   .abs_section_3c
     _SCIS2                                      3D       1       1       1   .abs_section_3d
     _SCIC3                                      3E       1       1       1   .abs_section_3e
     _SCID                                       3F       1       1       3   .abs_section_3f
     _ICSC1                                      48       1       1       1   .abs_section_48
     _ICSC2                                      49       1       1       1   .abs_section_49
     _ICSTRM                                     4A       1       1       1   .abs_section_4a
     _ICSSC                                      4B       1       1       2   .abs_section_4b
     _SPIC1                                      50       1       1       0   .abs_section_50
     _SPIC2                                      51       1       1       0   .abs_section_51
     _SPIBR                                      52       1       1       0   .abs_section_52
     _SPIS                                       53       1       1       0   .abs_section_53
     _SPID                                       55       1       1       0   .abs_section_55
     _IICA                                       58       1       1       0   .abs_section_58
     _IICF                                       59       1       1       0   .abs_section_59
     _IICC1                                      5A       1       1       0   .abs_section_5a
     _IICS                                       5B       1       1       0   .abs_section_5b
     _IICD                                       5C       1       1       0   .abs_section_5c
     _IICC2                                      5D       1       1       0   .abs_section_5d
     _TPM2SC                                     60       1       1       0   .abs_section_60
     _TPM2CNT                                    61       2       2       0   .abs_section_61
     _TPM2MOD                                    63       2       2       0   .abs_section_63
     _TPM2C0SC                                   65       1       1       0   .abs_section_65
     _TPM2C0V                                    66       2       2       0   .abs_section_66
     _TPM2C1SC                                   68       1       1       0   .abs_section_68
     _TPM2C1V                                    69       2       2       0   .abs_section_69
     _RTCSC                                      6C       1       1      10   .abs_section_6c
     _RTCCNT                                     6D       1       1       0   .abs_section_6d
     _RTCMOD                                     6E       1       1       3   .abs_section_6e
     hum1                                       100       1       1       4   .data       
     hum2                                       101       1       1       6   .data       
     temp1                                      102       1       1       3   .data       
     temp2                                      103       1       1       4   .data       
     establec_comp                              104       1       1       3   .bss        
     hum_relativa                               105       2       2       7   .bss        
     temperatura                                107       2       2       8   .bss        
     humint                                     109       1       1       7   .bss        
     tempint                                    10A       1       1       6   .bss        
     checksum                                   10B       1       1       3   .bss        
     inicio_sensado                             10C       1       1       3   .bss        
     inic_rec                                   10D       1       1       3   .bss        
     inic_trans                                 10E       1       1       3   .bss        
     fin_trans                                  10F       1       1       5   .bss        
     paquetedescart                             110       1       1       3   .bss        
     trans_completa                             111       1       1       7   .bss        
     MTIM_flag                                  112       1       1       7   .bss        
     auxparam                                   113       1       1       3   .bss        
     contador                                   114       1       1      11   .bss        
     flag_cero                                  115       1       1       3   .bss        
     RTC_flagseg                                116       1       1       5   .bss        
     SCI_flagrec                                117       1       1       3   .bss        
     contrec                                    118       1       1       4   .bss        
     SCI_datagrec                               119       1       1       3   .bss        
     flag_envdato                               11A       1       1       3   .bss        
     SCI_paqenv                                 11B       1       1       2   .bss        
     TPM_cont                                   11C       1       1      10   .bss        
     TPM_flag                                   11D       1       1       8   .bss        
     tiempoact                                  11E       2       2       4   .bss        
     tiempoant                                  120       2       2       3   .bss        
     estado                                     122       2       2       3   .common     
     MEF_estado                                 124       2       2       5   .common     
     arrDatos                                   126      64     100      12   .common     
     a1                                         18A       1       1       1   .common     
     a2                                         18B       1       1       2   .common     
     a3                                         18C       1       1       2   .common     
     a4                                         18D       1       1       2   .common     
     a5                                         18E       1       1       1   .common     
     datorec                                    18F       1       1       2   .common     
     BUFFER_Tx                                  190       3       3       2   .common     
     BUFFER_Rx                                  193       7       7       4   .common     
     IndiceEscritura                            19A       1       1       4   .common     
     IndiceLectura                              19B       1       1       4   .common     
     _SRS                                      1800       1       1       0   .abs_section_1800
     _SBDFR                                    1801       1       1       0   .abs_section_1801
     _SOPT1                                    1802       1       1       1   .abs_section_1802
     _SOPT2                                    1803       1       1       1   .abs_section_1803
     _SDID                                     1806       2       2       0   .abs_section_1806
     _SPMSC1                                   1809       1       1       1   .abs_section_1809
     _SPMSC2                                   180A       1       1       1   .abs_section_180a
     _DBGCA                                    1810       2       2       0   .abs_section_1810
     _DBGCB                                    1812       2       2       0   .abs_section_1812
     _DBGF                                     1814       2       2       0   .abs_section_1814
     _DBGC                                     1816       1       1       0   .abs_section_1816
     _DBGT                                     1817       1       1       0   .abs_section_1817
     _DBGS                                     1818       1       1       0   .abs_section_1818
     _FCDIV                                    1820       1       1       0   .abs_section_1820
     _FOPT                                     1821       1       1       0   .abs_section_1821
     _FCNFG                                    1823       1       1       0   .abs_section_1823
     _FPROT                                    1824       1       1       0   .abs_section_1824
     _FSTAT                                    1825       1       1       0   .abs_section_1825
     _FCMD                                     1826       1       1       0   .abs_section_1826
     _PTAPE                                    1840       1       1       0   .abs_section_1840
     _PTASE                                    1841       1       1       1   .abs_section_1841
     _PTADS                                    1842       1       1       1   .abs_section_1842
     _PTASC                                    1844       1       1       0   .abs_section_1844
     _PTAPS                                    1845       1       1       0   .abs_section_1845
     _PTAES                                    1846       1       1       0   .abs_section_1846
     _PTBPE                                    1848       1       1       0   .abs_section_1848
     _PTBSE                                    1849       1       1       1   .abs_section_1849
     _PTBDS                                    184A       1       1       1   .abs_section_184a
     _PTBSC                                    184C       1       1       0   .abs_section_184c
     _PTBPS                                    184D       1       1       0   .abs_section_184d
     _PTBES                                    184E       1       1       0   .abs_section_184e
     _PTCPE                                    1850       1       1       1   .abs_section_1850
     _PTCSE                                    1851       1       1       1   .abs_section_1851
     _PTCDS                                    1852       1       1       1   .abs_section_1852
     _GNGC                                     1853       1       1       1   .abs_section_1853
     loadByte                                  E000       E      14       5   .init       
     Init                                      E00E      6D     109       1   .init       
     _Startup                                  E07B       9       9       1   .init       
     DELAY_DHT_actualizar                      E092     122     290       6   .text       
     ESPERANDO_actualizar                      E1B4      35      53       1   .text       
     enviaPulsobajo                            E1E9      16      22       1   .text       
     enviaPulsoalto                            E1FF      1C      28       1   .text       
     INICIALIZAR_reiniciar                     E21B       6       6       3   .text       
     INICIALIZAR_actualizar                    E221      10      16       1   .text       
     MCU_init                                  E231      8A     138       1   .text       
     isrVmtim                                  E2BB       A      10       1   .text       
     isrVrtc                                   E2C5       6       6       1   .text       
     isrVscitx                                 E2CB       6       6       1   .text       
     isrVscirx                                 E2D1       E      14       1   .text       
     isrVscierr                                E2DF       1       1       1   .text       
     isrVtpm1ovf                               E2E0       1       1       1   .text       
     isrVtpm1ch0                               E2E1      15      21       1   .text       
     MEF_init                                  E2F6      11      17       1   .text       
     MEF_actualizarEstado                      E307      99     153       1   .text       
     MEF_actualizarSalida                      E3A0      23      35       1   .text       
     MTIM_inicializar                          E3C3       7       7       1   .text       
     RECPARAMETROS_actualizar                  E3CA     1C6     454       4   .text       
     REC_UC_actualizar                         E590      26      38       1   .text       
     RTC_handler                               E5B6       6       6       1   .text       
     RTC_asignarTiempoRec                      E5BC       7       7       3   .text       
     RTC_asignarTiempoCom                      E5C3       7       7       1   .text       
     RTC_reiniciarflag                         E5CA       5       5       5   .text       
     RTC_habilitarint                          E5CF       3       3       2   .text       
     RTC_deshabilitarint                       E5D2       3       3       2   .text       
     SCI_inicializar                           E5D5       9       9       1   .text       
     SCI_habilitarTrans                        E5DE       5       5       1   .text       
     SCI_habilitarRec                          E5E3       5       5       2   .text       
     SCI_Write_char                            E5E8       E      14       5   .text       
     SCIrx_handler                             E5F6      3A      58       1   .text       
     SCI_verifPaquete                          E630       F      15       1   .text       
     SCItx_handler                             E63F      23      35       1   .text       
     SCI_deshabIdleint                         E662       3       3       1   .text       
     SCI_habintRec                             E665       3       3       2   .text       
     SCI_deshabintRec                          E668       3       3       1   .text       
     TRANS_UC_actualizar                       E66B      44      68       1   .text       
     main                                      E6AF      17      23       1   .text       
     _IDIVMOD                                  E6C6      69     105       2   .text       
     _SPLITSIGN                                E72F      1C      28       1   .text       
     _IDIVS_STAR08                             E74B      1B      27       2   .text       
     _IDIVU_STAR08                             E766       D      13       2   .text       
     _Jump_Table_Header_Offset                 E773      24      36       2   .text       
     NVPROT_INIT                               FFBD       1       1       0   .abs_section_ffbd
     NVOPT_INIT                                FFBF       1       1       0   .abs_section_ffbf
     _vect                                     FFC0      40      64       0   .abs_section_ffc0

*********************************************************************************************
UNUSED-OBJECTS SECTION
---------------------------------------------------------------------------------------------
NOT USED PROCEDURES
MTIM_c.obj:
  MTIM_habilitarint MTIM_deshabilitarint 
SCI_c.obj:
  SCI_habIdleint 
TPM_c.obj:
  TPM_handler 
rtshc08.o (ansiis.lib):
  _PUSH_ARGS_L _PUSH_ARGS_D _ENTER_UNARY_L _ENTER_UNARY_L64 _ENTER_UNARY_L64_4 
  _ENTER_BINARY_L _ENTER_BINARY_L_RC _ENTER_BINARY_L_LC _ENTER_BINARY_L64 
  _ENTER_BINARY_L64_LC _ENTER_BINARY_L64_RC _LADD_k_is_k_plus_j 
  _k_is_k_plus_j_l _k_is_k_plus_j_i _LSUB_k_is_k_minus_j _LAND_k_is_k_and_j 
  _LOR_k_is_k_or_j _LXOR_k_is_k_xor_j _LMUL_k_is_k_mul_j _LDIVMOD _NEG_L_HX 
  _ABS_L_HX _SPLITSIGN_L _LMODU_k_is_k_mod_j _LDIVU_k_is_k_div_j 
  _LMODS_k_is_k_mod_j _LDIVS_k_is_k_div_j _LCMP_k_rel_j _CMP24_k_rel_j _BMULS 
  _BDIVS _BMODS _IMUL_STAR08 _IMODS_STAR08 _IMODU_STAR08 _IDIVU_8 _IMODU_8 
  _IASR _ILSR _ILSL _ICMP _LINC _LDEC _LNEG _LNOT _LADD _LADD_RC _LSUB _LSUB_LC 
  _LSUB_RC _LAND _LAND_RC _LOR _LOR_RC _LXOR _LXOR_RC _LMUL _LMUL_RC _LDIVS 
  _LDIVS_LC _LDIVS_RC _LDIVU _LDIVU_LC _LDIVU_RC _LMODS _LMODS_LC _LMODS_RC 
  _LMODU _LMODU_LC _LMODU_RC _LASR _LLSR _LLSL _LCMP _LCMP_RC _PUSH_ARGS_24 
  _ENTER_BINARY_24_RC _ENTER_BINARY_24 _CMP24 _CMP24_RC _COPY _COPY_L _POP32 
  _POP64 _STORE32 _STORE64 _SEXT8_32 _SEXT16_32 _CALL_STAR08 _CALL_STAR08_FAR 
  _Jump_Table_Addr _Jump_Table_Offset _Jump_Table_Header_Addr 
  _Search_Table_16_Addr _Search_Table_16_Offset _Search_Table_8_Addr 
  _Search_Table_8_Offset _PUSH_CC _POP_CC _CONV_FAR_TO_NEAR _CONV_FAR_TO_LINEAR 
  _CONV_LINEAR_TO_FAR 
NOT USED VARIABLES
DELAY_DHT_c.obj:
  contflancos tiempo 
MEF_c.obj:
  flag_errorrec 
RTC_c.obj:
  tiempoint RTC_flagms 
SCI_c.obj:
  SCI_transcomp contrx flag_SCIr 
TPM_c.obj:
  flanco valorasc 
TRANS_UC_c.obj:
  borrar 
rtshc08.o (ansiis.lib):
  _PowOfTwo_8 _PowOfTwo_16 _PowOfTwo_32 errno 

*********************************************************************************************
COPYDOWN SECTION
---------------------------------------------------------------------------------------------
------- ROM-ADDRESS: 0xE797 ---- SIZE       4 ---
Filling bytes inserted
 00040100
------- ROM-ADDRESS: 0xE79B ---- RAM-ADDRESS: 0x100 ---- SIZE       1 ---
Name of initialized Object : hum1
 FF
------- ROM-ADDRESS: 0xE79C ---- RAM-ADDRESS: 0x101 ---- SIZE       1 ---
Name of initialized Object : hum2
 FF
------- ROM-ADDRESS: 0xE79D ---- RAM-ADDRESS: 0x102 ---- SIZE       1 ---
Name of initialized Object : temp1
 FF
------- ROM-ADDRESS: 0xE79E ---- RAM-ADDRESS: 0x103 ---- SIZE       1 ---
Name of initialized Object : temp2
 FF
------- ROM-ADDRESS: 0xE79F ---- SIZE       2 ---
Filling bytes inserted
 0000

*********************************************************************************************
OBJECT-DEPENDENCIES SECTION
---------------------------------------------------------------------------------------------
Init                      USES _startupData loadByte 
_Startup                  USES __SEG_END_SSTACK Init main 
DELAY_DHT_actualizar      USES _MTIMSC MTIM_flag TPM_cont TPM_flag 
                                DELAY_DHT_actualizar tiempoact tiempoant arrDatos trans_completa 
                                _PTCD contador 
ESPERANDO_actualizar      USES RTC_flagseg flag_envdato RTC_reiniciarflag 
                                RTC_deshabilitarint SCI_deshabintRec inicio_sensado SCI_flagrec 
                                inic_rec 
enviaPulsobajo            USES _TPM1C0SC _PTCDD _PTCD RTC_asignarTiempoCom 
                                _RTCSC estado 
enviaPulsoalto            USES RTC_flagseg _PTCDD _PTCD _TPM1C0SC _RTCSC 
                                establec_comp 
INICIALIZAR_reiniciar     USES estado 
INICIALIZAR_actualizar    USES estado enviaPulsobajo enviaPulsoalto 
MCU_init                  USES _SOPT1 _SOPT2 _SPMSC1 _SPMSC2 _ICSTRM _ICSSC 
                                _ICSC1 _ICSC2 _GNGC _PTCPE _PTASE _PTBSE _PTCSE 
                                _PTADS _PTBDS _PTCDS _RTCMOD _RTCSC _TPM1C0SC _TPM1SC 
                                _TPM1MOD _SCIC2 _SCIS1 _SCID _SCIS2 _SCIBD _SCIC1 
                                _SCIC3 _MTIMMOD _MTIMCLK _MTIMSC 
isrVmtim                  USES MTIM_flag _MTIMSC 
isrVrtc                   USES RTC_handler 
isrVscitx                 USES SCItx_handler 
isrVscirx                 USES _SCIS1 _SCID datorec SCIrx_handler 
isrVtpm1ch0               USES TPM_flag tiempoact tiempoant _TPM1C0V _TPM1C0SC 
MEF_init                  USES MEF_estado RTC_asignarTiempoRec 
                                RTC_habilitarint SCI_habintRec SCI_habilitarRec 
MEF_actualizarEstado      USES MEF_estado _Jump_Table_Header_Offset 
                                inicio_sensado RTC_reiniciarflag _PTCD inic_rec establec_comp 
                                INICIALIZAR_reiniciar trans_completa RTC_asignarTiempoRec 
                                RTC_habilitarint SCI_habintRec fin_trans inic_trans 
                                paquetedescart 
MEF_actualizarSalida      USES MEF_estado _Jump_Table_Header_Offset 
                                ESPERANDO_actualizar INICIALIZAR_actualizar 
                                RECPARAMETROS_actualizar DELAY_DHT_actualizar REC_UC_actualizar 
                                TRANS_UC_actualizar 
MTIM_inicializar          USES _MTIMSC 
RECPARAMETROS_actualizar  USES arrDatos contador flag_cero hum_relativa 
                                temperatura checksum a1 a2 a3 a4 a5 
                                RECPARAMETROS_actualizar _IDIVU_STAR08 humint tempint hum1 hum2 
                                _IDIVS_STAR08 auxparam temp1 temp2 TPM_flag TPM_cont 
                                INICIALIZAR_reiniciar RTC_reiniciarflag RTC_asignarTiempoRec _RTCSC 
                                _SCIC2 fin_trans 
REC_UC_actualizar         USES SCI_datagrec SCI_verifPaquete inic_trans 
                                SCI_habilitarTrans _SCIC2 paquetedescart _RTCSC 
RTC_handler               USES RTC_flagseg 
RTC_asignarTiempoRec      USES _RTCSC _RTCMOD 
RTC_asignarTiempoCom      USES _RTCSC _RTCMOD 
RTC_reiniciarflag         USES RTC_flagseg 
RTC_habilitarint          USES _RTCSC 
RTC_deshabilitarint       USES _RTCSC 
SCI_inicializar           USES _PTBDD 
SCI_habilitarTrans        USES _PTBD 
SCI_habilitarRec          USES _PTBD 
SCI_Write_char            USES IndiceEscritura BUFFER_Tx _SCIC2 
SCIrx_handler             USES contrec _SCIC2 SCI_flagrec _SCIS1 BUFFER_Rx 
                                SCI_paqenv SCI_datagrec datorec 
SCI_verifPaquete          USES BUFFER_Rx 
SCItx_handler             USES IndiceEscritura IndiceLectura _SCIS1 BUFFER_Tx 
                                _SCID _SCIC2 
SCI_deshabIdleint         USES _SCIC2 
SCI_habintRec             USES _SCIC2 
SCI_deshabintRec          USES _SCIC2 
TRANS_UC_actualizar       USES _SCIC2 SCI_paqenv humint SCI_Write_char tempint 
                                flag_envdato _SCIS1 SCI_habilitarRec _RTCSC fin_trans 
main                      USES MCU_init MEF_init SCI_deshabIdleint 
                                MTIM_inicializar SCI_inicializar MEF_actualizarEstado 
                                MEF_actualizarSalida 
_SPLITSIGN                USES _IDIVMOD 
_IDIVS_STAR08             USES _SPLITSIGN 
_IDIVU_STAR08             USES _IDIVMOD 
_vect                     USES isrVmtim isrVrtc isrVscitx isrVscirx isrVscierr 
                                isrVtpm1ovf isrVtpm1ch0 _Startup 

*********************************************************************************************
DEPENDENCY TREE
*********************************************************************************************
 main and _Startup Group
 | 
 +- main                
 |  | 
 |  +- MCU_init            
 |  |    
 |  +- MEF_init            
 |  |  | 
 |  |  +- RTC_asignarTiempoRec
 |  |  |    
 |  |  +- RTC_habilitarint    
 |  |  |    
 |  |  +- SCI_habintRec       
 |  |  |    
 |  |  +- SCI_habilitarRec    
 |  |       
 |  +- SCI_deshabIdleint   
 |  |    
 |  +- MTIM_inicializar    
 |  |    
 |  +- SCI_inicializar     
 |  |    
 |  +- MEF_actualizarEstado
 |  |  | 
 |  |  +- _Jump_Table_Header_Offset
 |  |  |    
 |  |  +- RTC_reiniciarflag   
 |  |  |    
 |  |  +- INICIALIZAR_reiniciar
 |  |  |    
 |  |  +- RTC_asignarTiempoRec (see above)
 |  |  |  
 |  |  +- RTC_habilitarint     (see above)
 |  |  |  
 |  |  +- SCI_habintRec        (see above)
 |  |     
 |  +- MEF_actualizarSalida
 |     | 
 |     +- _Jump_Table_Header_Offset (see above)
 |     |  
 |     +- ESPERANDO_actualizar
 |     |  | 
 |     |  +- RTC_reiniciarflag    (see above)
 |     |  |  
 |     |  +- RTC_deshabilitarint 
 |     |  |    
 |     |  +- SCI_deshabintRec    
 |     |       
 |     +- INICIALIZAR_actualizar
 |     |  | 
 |     |  +- enviaPulsobajo      
 |     |  |  | 
 |     |  |  +- RTC_asignarTiempoCom
 |     |  |       
 |     |  +- enviaPulsoalto      
 |     |       
 |     +- RECPARAMETROS_actualizar
 |     |  | 
 |     |  +- _IDIVU_STAR08       
 |     |  |  | 
 |     |  |  +- _IDIVMOD            
 |     |  |       
 |     |  +- _IDIVS_STAR08       
 |     |  |  | 
 |     |  |  +- _SPLITSIGN          
 |     |  |     | 
 |     |  |     +- _IDIVMOD             (see above)
 |     |  |        
 |     |  +- INICIALIZAR_reiniciar (see above)
 |     |  |  
 |     |  +- RTC_reiniciarflag    (see above)
 |     |  |  
 |     |  +- RTC_asignarTiempoRec (see above)
 |     |     
 |     +- DELAY_DHT_actualizar
 |     |    
 |     +- REC_UC_actualizar   
 |     |  | 
 |     |  +- SCI_verifPaquete    
 |     |  |    
 |     |  +- SCI_habilitarTrans  
 |     |       
 |     +- TRANS_UC_actualizar 
 |        | 
 |        +- SCI_Write_char      
 |        |    
 |        +- SCI_habilitarRec     (see above)
 |           
 +- _Startup            
    | 
    +- Init                
    |  | 
    |  +- loadByte            
    |       
    +- main                 (see above)
       
 _vect               
 | 
 +- isrVmtim            
 |    
 +- isrVrtc             
 |  | 
 |  +- RTC_handler         
 |       
 +- isrVscitx           
 |  | 
 |  +- SCItx_handler       
 |       
 +- isrVscirx           
 |  | 
 |  +- SCIrx_handler       
 |       
 +- isrVscierr          
 |    
 +- isrVtpm1ovf         
 |    
 +- isrVtpm1ch0         
 |    
 +- _Startup             (see above)
    
*********************************************************************************************
STATISTIC SECTION
---------------------------------------------------------------------------------------------

ExeFile:
--------
Number of blocks to be downloaded: 6
Total size of all blocks to be downloaded: 2019

